E:/02_github/19_Jump-Cat-Run/04_sitaiwei_DM02/User_File/2_Device/Motor/Motor_DM/dvc_motor_dm.h:197:7:Class_Motor_DM_Normal::Class_Motor_DM_Normal()	16	static
E:/02_github/19_Jump-Cat-Run/04_sitaiwei_DM02/User_File/1_Middleware/Algorithm/PID/alg_pid.h:37:7:Class_PID::Class_PID()	16	static
E:/02_github/19_Jump-Cat-Run/04_sitaiwei_DM02/User_File/2_Device/Motor/Motor_DJI/dvc_motor_dji.h:370:7:Class_Motor_DJI_C620::Class_Motor_DJI_C620()	16	static
E:/02_github/19_Jump-Cat-Run/04_sitaiwei_DM02/App/balance_app.cpp:114:6:void CAN1_Callback(FDCAN_RxHeaderTypeDef&, uint8_t*)	16	static
E:/02_github/19_Jump-Cat-Run/04_sitaiwei_DM02/App/balance_app.cpp:140:6:void CAN2_Callback(FDCAN_RxHeaderTypeDef&, uint8_t*)	16	static
E:/02_github/19_Jump-Cat-Run/04_sitaiwei_DM02/App/balance_app.cpp:160:13:void BalanceApp_InitRobot()	8	static
E:/02_github/19_Jump-Cat-Run/04_sitaiwei_DM02/App/balance_app.cpp:167:13:void BalanceApp_InitImu()	8	static
E:/02_github/19_Jump-Cat-Run/04_sitaiwei_DM02/App/balance_app.cpp:172:13:void BalanceApp_InitMotors()	120	static
E:/02_github/19_Jump-Cat-Run/04_sitaiwei_DM02/App/balance_app.cpp:226:6:void BalanceApp_Init()	16	static
E:/02_github/19_Jump-Cat-Run/04_sitaiwei_DM02/App/balance_app.cpp:244:6:void BalanceApp_Enable()	8	static
E:/02_github/19_Jump-Cat-Run/04_sitaiwei_DM02/App/balance_app.cpp:258:6:void BalanceApp_Disable()	8	static
E:/02_github/19_Jump-Cat-Run/04_sitaiwei_DM02/App/balance_app.cpp:272:13:void vBalanceControlTask(void*)	16	static
E:/02_github/19_Jump-Cat-Run/04_sitaiwei_DM02/App/balance_app.cpp:311:13:void vBalanceMotorSendTask(void*)	16	static
E:/02_github/19_Jump-Cat-Run/04_sitaiwei_DM02/App/balance_app.cpp:329:13:void vBalanceAliveTask(void*)	16	static
E:/02_github/19_Jump-Cat-Run/04_sitaiwei_DM02/App/balance_app.cpp:345:13:void vBalancePrintTask(void*)	56	static
E:/02_github/19_Jump-Cat-Run/04_sitaiwei_DM02/App/balance_app.cpp:404:6:void BalanceApp_Task_Create()	24	static
E:/02_github/19_Jump-Cat-Run/04_sitaiwei_DM02/App/balance_app.cpp:456:1:void __static_initialization_and_destruction_0()	8	static
E:/02_github/19_Jump-Cat-Run/04_sitaiwei_DM02/App/balance_app.cpp:456:1:cpp)	8	static
