E:/02_github/19_Jump-Cat-Run/04_sitaiwei_DM02/User_File/2_Device/BSP/BMI088/bsp_bmi088.h:229:31:Class_Matrix_f32<3, 1> Class_BMI088::Get_Euler_Angle() const	16	static
E:/02_github/19_Jump-Cat-Run/04_sitaiwei_DM02/User_File/2_Device/BSP/BMI088/bsp_bmi088.h:267:31:Class_Matrix_f32<3, 1> Class_BMI088::Get_Accel_Body()	16	static
E:/02_github/19_Jump-Cat-Run/04_sitaiwei_DM02/User_File/2_Device/BSP/BMI088/bsp_bmi088.h:276:31:Class_Matrix_f32<3, 1> Class_BMI088::Get_Gyro_Body()	16	static
E:/02_github/19_Jump-Cat-Run/04_sitaiwei_DM02/App/balance_imu_if.cpp:31:6:void BalanceImuIf_Init()	8	static
E:/02_github/19_Jump-Cat-Run/04_sitaiwei_DM02/App/balance_imu_if.cpp:44:6:void BalanceImuIf_Update(BalanceImuData*)	88	static
E:/02_github/19_Jump-Cat-Run/04_sitaiwei_DM02/User_File/1_Middleware/Algorithm/Matrix/alg_matrix.h:51:5:Class_Matrix_f32<row, column>::Class_Matrix_f32(const Class_Matrix_f32<row, column>&) [with int row = 3; int column = 1]	16	static
E:/02_github/19_Jump-Cat-Run/04_sitaiwei_DM02/User_File/1_Middleware/Algorithm/Matrix/alg_matrix.h:82:19:float* Class_Matrix_f32<row, column>::operator[](const int&) [with int row = 3; int column = 1]	16	static
