E:/02_github/Jump-Cat-Run/03_DM02_MOTOR_MIT_N/User_File/2_Device/Motor/Motor_DM/dvc_motor_dm.h:197:7:Class_Motor_DM_Normal::Class_Motor_DM_Normal()	16	static
E:/02_github/Jump-Cat-Run/03_DM02_MOTOR_MIT_N/User_File/4_Task/tsk_config_and_callback.cpp:135:6:void Task_Init()	56	static
E:/02_github/Jump-Cat-Run/03_DM02_MOTOR_MIT_N/User_File/4_Task/tsk_config_and_callback.cpp:151:6:void Task_Loop()	16	static
E:/02_github/Jump-Cat-Run/03_DM02_MOTOR_MIT_N/User_File/4_Task/tsk_config_and_callback.cpp:154:1:void __static_initialization_and_destruction_0()	8	static
E:/02_github/Jump-Cat-Run/03_DM02_MOTOR_MIT_N/User_File/4_Task/tsk_config_and_callback.cpp:154:1:cpp)	8	static
