E:/02_github/Jump-Cat-Run/03_DM02_MOTOR_MIT_N/User_File/1_Middleware/Algorithm/Quaternion/alg_quaternion.h:33:5:Class_Quaternion_f32::Class_Quaternion_f32(float, float, float, float)	32	static
E:/02_github/Jump-Cat-Run/03_DM02_MOTOR_MIT_N/User_File/2_Device/Motor/Motor_DM/dvc_motor_dm.h:197:7:Class_Motor_DM_Normal::Class_Motor_DM_Normal()	16	static
E:/02_github/Jump-Cat-Run/03_DM02_MOTOR_MIT_N/User_File/1_Middleware/Algorithm/PID/alg_pid.h:37:7:Class_PID::Class_PID()	16	static
E:/02_github/Jump-Cat-Run/03_DM02_MOTOR_MIT_N/App/Gimbal/gimbal_yaw_pitch_direct.h:30:3:PID_t::PID_t()	16	static
E:/02_github/Jump-Cat-Run/03_DM02_MOTOR_MIT_N/User_File/2_Device/BSP/BMI088/Accel/bsp_bmi088_accel.h:44:7:Class_BMI088_Accel::Class_BMI088_Accel()	16	static
E:/02_github/Jump-Cat-Run/03_DM02_MOTOR_MIT_N/User_File/2_Device/BSP/BMI088/Gyro/bsp_bmi088_gyro.h:43:7:Class_BMI088_Gyro::Class_BMI088_Gyro()	16	static
E:/02_github/Jump-Cat-Run/03_DM02_MOTOR_MIT_N/User_File/1_Middleware/Algorithm/Filter/EKF/alg_filter_ekf.h:38:7:Class_Filter_EKF<4, 3, 3>::Class_Filter_EKF()	16	static
E:/02_github/Jump-Cat-Run/03_DM02_MOTOR_MIT_N/User_File/2_Device/BSP/BMI088/bsp_bmi088.h:30:7:Class_BMI088::Class_BMI088()	24	static
E:/02_github/Jump-Cat-Run/03_DM02_MOTOR_MIT_N/App/Gimbal/gimbal_yaw_pitch_direct.h:32:7:Gimbal::Gimbal()	16	static
E:/02_github/Jump-Cat-Run/03_DM02_MOTOR_MIT_N/App/Gimbal/gimbal_task.cpp:9:6:void gimbal_task(const void*)	16	static
E:/02_github/Jump-Cat-Run/03_DM02_MOTOR_MIT_N/User_File/1_Middleware/Algorithm/Matrix/alg_matrix.h:37:5:Class_Matrix_f32<row, column>::Class_Matrix_f32() [with int row = 4; int column = 1]	24	static
E:/02_github/Jump-Cat-Run/03_DM02_MOTOR_MIT_N/User_File/1_Middleware/Algorithm/Matrix/alg_matrix.h:37:5:Class_Matrix_f32<row, column>::Class_Matrix_f32() [with int row = 3; int column = 1]	24	static
E:/02_github/Jump-Cat-Run/03_DM02_MOTOR_MIT_N/User_File/1_Middleware/Algorithm/Matrix/alg_matrix.h:37:5:Class_Matrix_f32<row, column>::Class_Matrix_f32() [with int row = 4; int column = 4]	24	static
E:/02_github/Jump-Cat-Run/03_DM02_MOTOR_MIT_N/User_File/1_Middleware/Algorithm/Matrix/alg_matrix.h:82:19:float* Class_Matrix_f32<row, column>::operator[](const int&) [with int row = 4; int column = 4]	16	static
E:/02_github/Jump-Cat-Run/03_DM02_MOTOR_MIT_N/User_File/1_Middleware/Algorithm/Matrix/alg_matrix.h:37:5:Class_Matrix_f32<row, column>::Class_Matrix_f32() [with int row = 3; int column = 3]	24	static
E:/02_github/Jump-Cat-Run/03_DM02_MOTOR_MIT_N/User_File/1_Middleware/Algorithm/Matrix/alg_matrix.h:692:31:Class_Matrix_f32<row, column> Namespace_ALG_Matrix::Identity() [with int row = 4; int column = 4]	24	static
E:/02_github/Jump-Cat-Run/03_DM02_MOTOR_MIT_N/User_File/1_Middleware/Algorithm/Matrix/alg_matrix.h:678:31:Class_Matrix_f32<row, column> Namespace_ALG_Matrix::Zero() [with int row = 4; int column = 4]	16	static
E:/02_github/Jump-Cat-Run/03_DM02_MOTOR_MIT_N/User_File/1_Middleware/Algorithm/Matrix/alg_matrix.h:37:5:Class_Matrix_f32<row, column>::Class_Matrix_f32() [with int row = 4; int column = 3]	24	static
E:/02_github/Jump-Cat-Run/03_DM02_MOTOR_MIT_N/App/Gimbal/gimbal_task.cpp:40:1:void __static_initialization_and_destruction_0()	8	static
E:/02_github/Jump-Cat-Run/03_DM02_MOTOR_MIT_N/App/Gimbal/gimbal_task.cpp:40:1:cpp)	8	static
