/Applications/ArmGNUToolchain/15.2.rel1/arm-none-eabi/arm-none-eabi/include/c++/15.2.1/cmath:245:3:constexpr float std::fabs(float)	16	static
/Users/xylm/STM32_Team/A_code/02_DM02/User_File/1_Middleware/System/Timestamp/sys_timestamp.h:278:17:uint64_t Class_Timestamp::Get_Now_Microsecond() const	16	static
/Users/xylm/STM32_Team/A_code/02_DM02/User_File/2_Device/Motor/Motor_DJI/dvc_motor_dji.h:513:14:float Class_Motor_DJI_GM6020::Get_Now_Angle() const	16	static
/Users/xylm/STM32_Team/A_code/02_DM02/User_File/2_Device/Motor/Motor_DJI/dvc_motor_dji.h:523:14:float Class_Motor_DJI_GM6020::Get_Now_Omega() const	16	static
/Users/xylm/STM32_Team/A_code/02_DM02/User_File/2_Device/Motor/Motor_DJI/dvc_motor_dji.h:533:14:float Class_Motor_DJI_GM6020::Get_Now_Torque() const	16	static
/Users/xylm/STM32_Team/A_code/02_DM02/User_File/2_Device/Motor/Motor_DJI/dvc_motor_dji.h:573:14:float Class_Motor_DJI_GM6020::Get_Target_Angle() const	16	static
/Users/xylm/STM32_Team/A_code/02_DM02/User_File/2_Device/Motor/Motor_DJI/dvc_motor_dji.h:583:14:float Class_Motor_DJI_GM6020::Get_Target_Omega() const	16	static
/Users/xylm/STM32_Team/A_code/02_DM02/User_File/2_Device/Motor/Motor_DJI/dvc_motor_dji.h:593:14:float Class_Motor_DJI_GM6020::Get_Target_Torque() const	16	static
/Users/xylm/STM32_Team/A_code/02_DM02/User_File/2_Device/Motor/Motor_DJI/dvc_motor_dji.h:633:13:void Class_Motor_DJI_GM6020::Set_Target_Angle(const float&)	24	static
/Users/xylm/STM32_Team/A_code/02_DM02/User_File/2_Device/BSP/BMI088/Accel/bsp_bmi088_accel.h:172:14:float Class_BMI088_Accel::Get_Now_Temperature() const	16	static
/Users/xylm/STM32_Team/A_code/02_DM02/User_File/1_Middleware/Algorithm/Quaternion/alg_quaternion.h:55:19:float& Class_Quaternion_f32::operator[](const int&)	16	static
/Users/xylm/STM32_Team/A_code/02_DM02/User_File/1_Middleware/Algorithm/Quaternion/alg_quaternion.h:27:7:Class_Quaternion_f32::Class_Quaternion_f32(const Class_Quaternion_f32&)	16	static
/Users/xylm/STM32_Team/A_code/02_DM02/User_File/2_Device/BSP/BMI088/bsp_bmi088.h:209:31:Class_Matrix_f32<3, 1> Class_BMI088::Get_Original_Accel() const	16	static
/Users/xylm/STM32_Team/A_code/02_DM02/User_File/2_Device/BSP/BMI088/bsp_bmi088.h:219:31:Class_Matrix_f32<3, 1> Class_BMI088::Get_Original_Gyro() const	16	static
/Users/xylm/STM32_Team/A_code/02_DM02/User_File/2_Device/BSP/BMI088/bsp_bmi088.h:229:31:Class_Matrix_f32<3, 1> Class_BMI088::Get_Euler_Angle() const	16	static
/Users/xylm/STM32_Team/A_code/02_DM02/User_File/2_Device/BSP/BMI088/bsp_bmi088.h:239:31:Class_Matrix_f32<3, 3> Class_BMI088::Get_Rotation_Matrix() const	16	static
/Users/xylm/STM32_Team/A_code/02_DM02/User_File/2_Device/BSP/BMI088/bsp_bmi088.h:258:29:Class_Quaternion_f32 Class_BMI088::Get_Quaternion() const	16	static
/Users/xylm/STM32_Team/A_code/02_DM02/User_File/2_Device/BSP/BMI088/bsp_bmi088.h:285:31:Class_Matrix_f32<3, 1> Class_BMI088::Get_Accel()	16	static
/Users/xylm/STM32_Team/A_code/02_DM02/User_File/2_Device/BSP/BMI088/bsp_bmi088.h:294:31:Class_Matrix_f32<3, 1> Class_BMI088::Get_Gyro()	16	static
/Users/xylm/STM32_Team/A_code/02_DM02/User_File/2_Device/BSP/BMI088/bsp_bmi088.h:304:14:float Class_BMI088::Get_Accel_Chi_Square_Loss() const	16	static
/Users/xylm/STM32_Team/A_code/02_DM02/User_File/2_Device/BSP/BMI088/bsp_bmi088.h:314:17:uint64_t Class_BMI088::Get_Calculating_Time() const	16	static
/Users/xylm/STM32_Team/A_code/02_DM02/User_File/2_Device/Plotter/Vofa/dvc_vofa.h:203:16:int32_t Class_Vofa_USB::Get_Variable_Index() const	16	static
/Users/xylm/STM32_Team/A_code/02_DM02/User_File/2_Device/Plotter/Vofa/dvc_vofa.h:213:14:float Class_Vofa_USB::Get_Variable_Value() const	16	static
/Users/xylm/STM32_Team/A_code/02_DM02/User_File/2_Device/Plotter/Vofa/dvc_vofa.h:224:13:)	20	static
/Users/xylm/STM32_Team/A_code/02_DM02/User_File/2_Device/BSP/WS2812/bsp_ws2812.h:140:13:void Class_WS2812::Set_RGB(const uint8_t&, const uint8_t&, const uint8_t&)	24	static
/Users/xylm/STM32_Team/A_code/02_DM02/User_File/2_Device/BSP/Buzzer/bsp_buzzer.h:260:6:void Class_Buzzer::Set_Sound(const float&, const float&)	32	static
/Users/xylm/STM32_Team/A_code/02_DM02/User_File/2_Device/Plotter/Vofa/dvc_vofa.h:96:7:Class_Vofa_USB::Class_Vofa_USB()	16	static
/Users/xylm/STM32_Team/A_code/02_DM02/User_File/1_Middleware/Algorithm/PID/alg_pid.h:37:7:Class_PID::Class_PID()	16	static
/Users/xylm/STM32_Team/A_code/02_DM02/User_File/2_Device/Motor/Motor_DJI/dvc_motor_dji.h:120:7:Class_Motor_DJI_GM6020::Class_Motor_DJI_GM6020()	16	static
/Users/xylm/STM32_Team/A_code/02_DM02/User_File/1_Middleware/Algorithm/Filter/Kalman/alg_filter_kalman.h:38:7:Class_Filter_Kalman<2, 1, 2>::Class_Filter_Kalman()	16	static
/Users/xylm/STM32_Team/A_code/02_DM02/User_File/4_Task/tsk_config_and_callback.cpp:73:6:void Serial_USB_Call_Back(uint8_t*, uint16_t)	48	static
/Users/xylm/STM32_Team/A_code/02_DM02/User_File/4_Task/tsk_config_and_callback.cpp:110:6:void SPI2_Callback(uint8_t*, uint8_t*, uint16_t, uint16_t)	24	static
/Users/xylm/STM32_Team/A_code/02_DM02/User_File/4_Task/tsk_config_and_callback.cpp:123:6:void CAN1_Callback(FDCAN_RxHeaderTypeDef&, uint8_t*)	16	static
/Users/xylm/STM32_Team/A_code/02_DM02/User_File/4_Task/tsk_config_and_callback.cpp:140:6:void OSPI2_Polling_Callback()	8	static
/Users/xylm/STM32_Team/A_code/02_DM02/User_File/4_Task/tsk_config_and_callback.cpp:149:6:void OSPI2_Rx_Callback(uint8_t*)	16	static
/Users/xylm/STM32_Team/A_code/02_DM02/User_File/4_Task/tsk_config_and_callback.cpp:157:6:void OSPI2_Tx_Callback(uint8_t*)	16	static
/Users/xylm/STM32_Team/A_code/02_DM02/User_File/4_Task/tsk_config_and_callback.cpp:166:6:void Task3600s_Callback()	8	static
/Users/xylm/STM32_Team/A_code/02_DM02/User_File/4_Task/tsk_config_and_callback.cpp:175:6:void Task1s_Callback()	4	static
/Users/xylm/STM32_Team/A_code/02_DM02/User_File/4_Task/tsk_config_and_callback.cpp:183:6:void Task1ms_Callback()	984	static
/Users/xylm/STM32_Team/A_code/02_DM02/User_File/4_Task/tsk_config_and_callback.cpp:344:6:void Task125us_Callback()	8	static
/Users/xylm/STM32_Team/A_code/02_DM02/User_File/4_Task/tsk_config_and_callback.cpp:353:6:void Task10us_Callback()	8	static
/Users/xylm/STM32_Team/A_code/02_DM02/User_File/4_Task/tsk_config_and_callback.cpp:362:6:void Task_Init()	280	static
/Users/xylm/STM32_Team/A_code/02_DM02/User_File/4_Task/tsk_config_and_callback.cpp:436:6:void Task_Loop()	16	static
/Users/xylm/STM32_Team/A_code/02_DM02/User_File/4_Task/tsk_config_and_callback.cpp:446:6:void HAL_GPIO_EXTI_Callback(uint16_t)	16	static
/Users/xylm/STM32_Team/A_code/02_DM02/User_File/4_Task/tsk_config_and_callback.cpp:464:6:void HAL_TIM_PeriodElapsedCallback(TIM_HandleTypeDef*)	16	static
/Users/xylm/STM32_Team/A_code/02_DM02/User_File/1_Middleware/Algorithm/Matrix/alg_matrix.h:51:5:Class_Matrix_f32<row, column>::Class_Matrix_f32(const Class_Matrix_f32<row, column>&) [with int row = 3; int column = 1]	16	static
/Users/xylm/STM32_Team/A_code/02_DM02/User_File/1_Middleware/Algorithm/Matrix/alg_matrix.h:51:5:Class_Matrix_f32<row, column>::Class_Matrix_f32(const Class_Matrix_f32<row, column>&) [with int row = 4; int column = 1]	16	static
/Users/xylm/STM32_Team/A_code/02_DM02/User_File/1_Middleware/Algorithm/Matrix/alg_matrix.h:82:19:float* Class_Matrix_f32<row, column>::operator[](const int&) [with int row = 3; int column = 1]	16	static
/Users/xylm/STM32_Team/A_code/02_DM02/User_File/1_Middleware/Algorithm/Matrix/alg_matrix.h:82:19:float* Class_Matrix_f32<row, column>::operator[](const int&) [with int row = 3; int column = 3]	16	static
/Users/xylm/STM32_Team/A_code/02_DM02/User_File/1_Middleware/Algorithm/Matrix/alg_matrix.h:51:5:Class_Matrix_f32<row, column>::Class_Matrix_f32(const Class_Matrix_f32<row, column>&) [with int row = 3; int column = 3]	16	static
/Users/xylm/STM32_Team/A_code/02_DM02/User_File/1_Middleware/Algorithm/Basic/alg_basic.h:70:6:Type Basic_Math_Constrain(Type, Type, Type) [with Type = float]	24	static
/Users/xylm/STM32_Team/A_code/02_DM02/User_File/1_Middleware/Algorithm/Matrix/alg_matrix.h:692:31:Class_Matrix_f32<row, column> Namespace_ALG_Matrix::Identity() [with int row = 2; int column = 2]	24	static
/Users/xylm/STM32_Team/A_code/02_DM02/User_File/1_Middleware/Algorithm/Matrix/alg_matrix.h:37:5:Class_Matrix_f32<row, column>::Class_Matrix_f32() [with int row = 2; int column = 2]	24	static
/Users/xylm/STM32_Team/A_code/02_DM02/User_File/1_Middleware/Algorithm/Matrix/alg_matrix.h:37:5:Class_Matrix_f32<row, column>::Class_Matrix_f32() [with int row = 2; int column = 1]	24	static
/Users/xylm/STM32_Team/A_code/02_DM02/User_File/1_Middleware/Algorithm/Matrix/alg_matrix.h:37:5:Class_Matrix_f32<row, column>::Class_Matrix_f32() [with int row = 1; int column = 1]	24	static
/Users/xylm/STM32_Team/A_code/02_DM02/User_File/1_Middleware/Algorithm/Matrix/alg_matrix.h:82:19:float* Class_Matrix_f32<row, column>::operator[](const int&) [with int row = 2; int column = 2]	16	static
/Users/xylm/STM32_Team/A_code/02_DM02/User_File/1_Middleware/Algorithm/Matrix/alg_matrix.h:82:19:float* Class_Matrix_f32<row, column>::operator[](const int&) [with int row = 2; int column = 1]	16	static
/Users/xylm/STM32_Team/A_code/02_DM02/User_File/1_Middleware/Algorithm/Filter/Kalman/alg_filter_kalman.h:138:6:void Class_Filter_Kalman<State_Dimension, Input_Dimension, Measurement_Dimension>::TIM_Predict_PeriodElapsedCallback() [with long unsigned int State_Dimension = 2; long unsigned int Input_Dimension = 1; long unsigned int Measurement_Dimension = 2]	104	static
/Users/xylm/STM32_Team/A_code/02_DM02/User_File/1_Middleware/Algorithm/Filter/Kalman/alg_filter_kalman.h:155:6:void Class_Filter_Kalman<State_Dimension, Input_Dimension, Measurement_Dimension>::TIM_Update_PeriodElapsedCallback() [with long unsigned int State_Dimension = 2; long unsigned int Input_Dimension = 1; long unsigned int Measurement_Dimension = 2]	336	static
/Users/xylm/STM32_Team/A_code/02_DM02/User_File/1_Middleware/Algorithm/Matrix/alg_matrix.h:678:31:Class_Matrix_f32<row, column> Namespace_ALG_Matrix::Zero() [with int row = 2; int column = 1]	16	static
/Users/xylm/STM32_Team/A_code/02_DM02/User_File/1_Middleware/Algorithm/Matrix/alg_matrix.h:678:31:Class_Matrix_f32<row, column> Namespace_ALG_Matrix::Zero() [with int row = 1; int column = 1]	16	static
/Users/xylm/STM32_Team/A_code/02_DM02/User_File/1_Middleware/Algorithm/Filter/Kalman/alg_filter_kalman.h:116:6:void Class_Filter_Kalman<State_Dimension, Input_Dimension, Measurement_Dimension>::Init(const Class_Matrix_f32<State_Dimension, State_Dimension>&, const Class_Matrix_f32<State_Dimension, Input_Dimension>&, const Class_Matrix_f32<Measurement_Dimension, State_Dimension>&, const Class_Matrix_f32<State_Dimension, State_Dimension>&, const Class_Matrix_f32<Measurement_Dimension, Measurement_Dimension>&, const Class_Matrix_f32<State_Dimension, State_Dimension>&, const Class_Matrix_f32<State_Dimension, 1>&, const Class_Matrix_f32<Input_Dimension, 1>&) [with long unsigned int State_Dimension = 2; long unsigned int Input_Dimension = 1; long unsigned int Measurement_Dimension = 2]	24	static
/Users/xylm/STM32_Team/A_code/02_DM02/User_File/1_Middleware/Algorithm/Matrix/alg_matrix.h:57:5:Class_Matrix_f32<row, column>::Class_Matrix_f32(Class_Matrix_f32<row, column>&&) [with int row = 2; int column = 2]	16	static
/Users/xylm/STM32_Team/A_code/02_DM02/User_File/1_Middleware/Algorithm/Matrix/alg_matrix.h:168:39:Class_Matrix_f32<row, tmp> Class_Matrix_f32<row, column>::operator*(const Class_Matrix_f32<column, tmp>&) [with int tmp = 1; int row = 2; int column = 2]	48	static
/Users/xylm/STM32_Team/A_code/02_DM02/User_File/1_Middleware/Algorithm/Matrix/alg_matrix.h:168:39:Class_Matrix_f32<row, tmp> Class_Matrix_f32<row, column>::operator*(const Class_Matrix_f32<column, tmp>&) [with int tmp = 1; int row = 2; int column = 1]	48	static
/Users/xylm/STM32_Team/A_code/02_DM02/User_File/1_Middleware/Algorithm/Matrix/alg_matrix.h:107:42:Class_Matrix_f32<row, column> Class_Matrix_f32<row, column>::operator+(const Class_Matrix_f32<row, column>&) const [with int row = 2; int column = 1]	32	static
/Users/xylm/STM32_Team/A_code/02_DM02/User_File/1_Middleware/Algorithm/Matrix/alg_matrix.h:76:36:Class_Matrix_f32<row, column>& Class_Matrix_f32<row, column>::operator=(Class_Matrix_f32<row, column>&&) [with int row = 2; int column = 1]	16	static
/Users/xylm/STM32_Team/A_code/02_DM02/User_File/1_Middleware/Algorithm/Matrix/alg_matrix.h:168:39:Class_Matrix_f32<row, tmp> Class_Matrix_f32<row, column>::operator*(const Class_Matrix_f32<column, tmp>&) [with int tmp = 2; int row = 2; int column = 2]	48	static
/Users/xylm/STM32_Team/A_code/02_DM02/User_File/1_Middleware/Algorithm/Matrix/alg_matrix.h:414:38:Class_Matrix_f32<column, row> Class_Matrix_f32<row, column>::Get_Transpose() const [with int row = 2; int column = 2]	32	static
/Users/xylm/STM32_Team/A_code/02_DM02/User_File/1_Middleware/Algorithm/Matrix/alg_matrix.h:107:42:Class_Matrix_f32<row, column> Class_Matrix_f32<row, column>::operator+(const Class_Matrix_f32<row, column>&) const [with int row = 2; int column = 2]	32	static
/Users/xylm/STM32_Team/A_code/02_DM02/User_File/1_Middleware/Algorithm/Matrix/alg_matrix.h:76:36:Class_Matrix_f32<row, column>& Class_Matrix_f32<row, column>::operator=(Class_Matrix_f32<row, column>&&) [with int row = 2; int column = 2]	16	static
/Users/xylm/STM32_Team/A_code/02_DM02/User_File/1_Middleware/Algorithm/Matrix/alg_matrix.h:497:84:std::enable_if_t<(tmp_row == tmp_column), Class_Matrix_f32<tmp_row, tmp_row> > Class_Matrix_f32<row, column>::Get_Inverse() const [with int tmp_row = 2; int tmp_column = 2; int row = 2; int column = 2]	144	static
/Users/xylm/STM32_Team/A_code/02_DM02/User_File/1_Middleware/Algorithm/Matrix/alg_matrix.h:137:42:Class_Matrix_f32<row, column> Class_Matrix_f32<row, column>::operator-(const Class_Matrix_f32<row, column>&) const [with int row = 2; int column = 1]	32	static
/Users/xylm/STM32_Team/A_code/02_DM02/User_File/1_Middleware/Algorithm/Matrix/alg_matrix.h:137:42:Class_Matrix_f32<row, column> Class_Matrix_f32<row, column>::operator-(const Class_Matrix_f32<row, column>&) const [with int row = 2; int column = 2]	32	static
/Users/xylm/STM32_Team/A_code/02_DM02/User_File/1_Middleware/Algorithm/Matrix/alg_matrix.h:66:36:Class_Matrix_f32<row, column>& Class_Matrix_f32<row, column>::operator=(const Class_Matrix_f32<row, column>&) [with int row = 2; int column = 2]	16	static
/Users/xylm/STM32_Team/A_code/02_DM02/User_File/1_Middleware/Algorithm/Matrix/alg_matrix.h:66:36:Class_Matrix_f32<row, column>& Class_Matrix_f32<row, column>::operator=(const Class_Matrix_f32<row, column>&) [with int row = 2; int column = 1]	16	static
/Users/xylm/STM32_Team/A_code/02_DM02/User_File/1_Middleware/Algorithm/Matrix/alg_matrix.h:66:36:Class_Matrix_f32<row, column>& Class_Matrix_f32<row, column>::operator=(const Class_Matrix_f32<row, column>&) [with int row = 1; int column = 1]	16	static
/Users/xylm/STM32_Team/A_code/02_DM02/User_File/1_Middleware/Algorithm/Matrix/alg_matrix.h:678:31:Class_Matrix_f32<row, column> Namespace_ALG_Matrix::Zero() [with int row = 2; int column = 4]	16	static
/Users/xylm/STM32_Team/A_code/02_DM02/User_File/1_Middleware/Algorithm/Matrix/alg_matrix.h:82:19:float* Class_Matrix_f32<row, column>::operator[](const int&) [with int row = 2; int column = 4]	16	static
/Users/xylm/STM32_Team/A_code/02_DM02/User_File/1_Middleware/Algorithm/Matrix/alg_matrix.h:37:5:Class_Matrix_f32<row, column>::Class_Matrix_f32() [with int row = 2; int column = 4]	24	static
/Users/xylm/STM32_Team/A_code/02_DM02/User_File/4_Task/tsk_config_and_callback.cpp:492:1:void __static_initialization_and_destruction_0()	8	static
/Users/xylm/STM32_Team/A_code/02_DM02/User_File/4_Task/tsk_config_and_callback.cpp:492:1:cpp)	8	static
