E:/02_github/19_Jump-Cat-Run/04_sitaiwei_DM02/User_File/1_Middleware/System/Timestamp/sys_timestamp.h:248:17:uint64_t Class_Timestamp::Get_Current_Timestamp() const	16	static
E:/02_github/19_Jump-Cat-Run/04_sitaiwei_DM02/User_File/1_Middleware/System/Timestamp/sys_timestamp.h:33:7:Class_Timestamp::Class_Timestamp()	16	static
E:/02_github/19_Jump-Cat-Run/04_sitaiwei_DM02/User_File/1_Middleware/System/Timestamp/sys_timestamp.cpp:30:17:void SysTimestamp_Init(TIM_HandleTypeDef*)	16	static
E:/02_github/19_Jump-Cat-Run/04_sitaiwei_DM02/User_File/1_Middleware/System/Timestamp/sys_timestamp.cpp:35:17:void SysTimestamp_TIM_3600s_PeriodElapsedCallback()	8	static
E:/02_github/19_Jump-Cat-Run/04_sitaiwei_DM02/User_File/1_Middleware/System/Timestamp/sys_timestamp.cpp:49:6:void Class_Timestamp::Init(TIM_HandleTypeDef*)	16	static
E:/02_github/19_Jump-Cat-Run/04_sitaiwei_DM02/User_File/1_Middleware/System/Timestamp/sys_timestamp.cpp:58:6:void Class_Timestamp::TIM_3600s_PeriodElapsedCallback()	16	static
E:/02_github/19_Jump-Cat-Run/04_sitaiwei_DM02/User_File/1_Middleware/System/Timestamp/sys_timestamp.cpp:68:10:uint64_t Class_Timestamp::Calculate_Timestamp() const	56	static
E:/02_github/19_Jump-Cat-Run/04_sitaiwei_DM02/User_File/1_Middleware/System/Timestamp/sys_timestamp.cpp:85:6:void Namespace_SYS_Timestamp::Delay_Second(const uint32_t&)	72	static
E:/02_github/19_Jump-Cat-Run/04_sitaiwei_DM02/User_File/1_Middleware/System/Timestamp/sys_timestamp.cpp:99:6:void Namespace_SYS_Timestamp::Delay_Millisecond(const uint32_t&)	64	static
E:/02_github/19_Jump-Cat-Run/04_sitaiwei_DM02/User_File/1_Middleware/System/Timestamp/sys_timestamp.cpp:113:6:void Namespace_SYS_Timestamp::Delay_Microsecond(const uint32_t&)	40	static
E:/02_github/19_Jump-Cat-Run/04_sitaiwei_DM02/User_File/1_Middleware/System/Timestamp/sys_timestamp.cpp:120:1:void __static_initialization_and_destruction_0()	8	static
E:/02_github/19_Jump-Cat-Run/04_sitaiwei_DM02/User_File/1_Middleware/System/Timestamp/sys_timestamp.cpp:120:1:cpp)	8	static
