E:/02_github/Jump-Cat-Run/03_DM02_MOTOR_MIT_N/User_File/2_Device/BSP/WS2812/bsp_ws2812.h:140:13:void Class_WS2812::Set_RGB(const uint8_t&, const uint8_t&, const uint8_t&)	24	static
E:/02_github/Jump-Cat-Run/03_DM02_MOTOR_MIT_N/User_File/2_Device/BSP/Power/bsp_power.h:74:14:float Class_Power::Get_Power_Voltage() const	24	static
E:/02_github/Jump-Cat-Run/03_DM02_MOTOR_MIT_N/User_File/2_Device/BSP/BMI088/Accel/bsp_bmi088_accel.h:172:14:float Class_BMI088_Accel::Get_Now_Temperature() const	16	static
E:/02_github/Jump-Cat-Run/03_DM02_MOTOR_MIT_N/User_File/5_Test/bmi088_test.cpp:31:6:void HAL_GPIO_EXTI_Callback(uint16_t)	16	static
E:/02_github/Jump-Cat-Run/03_DM02_MOTOR_MIT_N/User_File/5_Test/bmi088_test.cpp:44:6:void Task125us_Callback()	8	static
E:/02_github/Jump-Cat-Run/03_DM02_MOTOR_MIT_N/User_File/5_Test/bmi088_test.cpp:49:6:void Task10us_Callback()	8	static
E:/02_github/Jump-Cat-Run/03_DM02_MOTOR_MIT_N/User_File/5_Test/bmi088_test.cpp:54:6:void SPI2_Callback(uint8_t*, uint8_t*, uint16_t, uint16_t)	24	static
E:/02_github/Jump-Cat-Run/03_DM02_MOTOR_MIT_N/User_File/5_Test/bmi088_test.cpp:63:6:void Task3600s_Callback()	8	static
E:/02_github/Jump-Cat-Run/03_DM02_MOTOR_MIT_N/User_File/5_Test/bmi088_test.cpp:68:6:void Task1ms_Callback()	128	static
E:/02_github/Jump-Cat-Run/03_DM02_MOTOR_MIT_N/User_File/5_Test/bmi088_test.cpp:189:6:void Bmi088_test()	16	static
E:/02_github/Jump-Cat-Run/03_DM02_MOTOR_MIT_N/User_File/5_Test/bmi088_test.cpp:211:6:void Bmi088_test_Loop()	16	static
E:/02_github/Jump-Cat-Run/03_DM02_MOTOR_MIT_N/User_File/5_Test/bmi088_test.cpp:216:6:void HAL_TIM_PeriodElapsedCallback(TIM_HandleTypeDef*)	16	static
