E:/02_github/Jump-Cat-Run/03_DM02_MOTOR_MIT_N/User_File/2_Device/BSP/WS2812/bsp_ws2812.h:140:13:void Class_WS2812::Set_RGB(const uint8_t&, const uint8_t&, const uint8_t&)	24	static
E:/02_github/Jump-Cat-Run/03_DM02_MOTOR_MIT_N/User_File/2_Device/BSP/Control/bsp_control.h:27:26:const Class_Control::Data_t& Class_Control::GetData() const	16	static
E:/02_github/Jump-Cat-Run/03_DM02_MOTOR_MIT_N/User_File/2_Device/BSP/Control/bsp_control.h:28:17:bool Class_Control::IsOffline() const	16	static
E:/02_github/Jump-Cat-Run/03_DM02_MOTOR_MIT_N/User_File/5_Test/control_test.cpp:39:6:void Task3600s_Callback()	8	static
E:/02_github/Jump-Cat-Run/03_DM02_MOTOR_MIT_N/User_File/5_Test/control_test.cpp:44:6:void Task1ms_Callback()	16	static
E:/02_github/Jump-Cat-Run/03_DM02_MOTOR_MIT_N/User_File/5_Test/control_test.cpp:109:6:void Control_test()	16	static
E:/02_github/Jump-Cat-Run/03_DM02_MOTOR_MIT_N/User_File/5_Test/control_test.cpp:123:6:void Control_test_Loop()	288	static
E:/02_github/Jump-Cat-Run/03_DM02_MOTOR_MIT_N/User_File/5_Test/control_test.cpp:148:6:void HAL_TIM_PeriodElapsedCallback(TIM_HandleTypeDef*)	16	static
