E:/02_github/Jump-Cat-Run/03_DM02_MOTOR_MIT_N/User_File/2_Device/BSP/WS2812/bsp_ws2812.h:140:13:void Class_WS2812::Set_RGB(const uint8_t&, const uint8_t&, const uint8_t&)	24	static
E:/02_github/Jump-Cat-Run/03_DM02_MOTOR_MIT_N/User_File/5_Test/jy61p_test.cpp:30:6:void Task3600s_Callback()	8	static
E:/02_github/Jump-Cat-Run/03_DM02_MOTOR_MIT_N/User_File/5_Test/jy61p_test.cpp:35:6:void Task1ms_Callback()	208	static
E:/02_github/Jump-Cat-Run/03_DM02_MOTOR_MIT_N/User_File/5_Test/jy61p_test.cpp:114:6:void JY61P_test()	16	static
E:/02_github/Jump-Cat-Run/03_DM02_MOTOR_MIT_N/User_File/5_Test/jy61p_test.cpp:132:6:void JY61P_test_Loop()	16	static
E:/02_github/Jump-Cat-Run/03_DM02_MOTOR_MIT_N/User_File/5_Test/jy61p_test.cpp:137:6:void HAL_TIM_PeriodElapsedCallback(TIM_HandleTypeDef*)	16	static
