E:/02_github/Jump-Cat-Run/03_DM02_MOTOR_MIT_N/User_File/2_Device/BSP/WS2812/bsp_ws2812.h:140:13:void Class_WS2812::Set_RGB(const uint8_t&, const uint8_t&, const uint8_t&)	24	static
E:/02_github/Jump-Cat-Run/03_DM02_MOTOR_MIT_N/User_File/5_Test/usb_test.cpp:31:6:void Task3600s_Callback()	8	static
E:/02_github/Jump-Cat-Run/03_DM02_MOTOR_MIT_N/User_File/5_Test/usb_test.cpp:36:6:void Task1ms_Callback()	16	static
E:/02_github/Jump-Cat-Run/03_DM02_MOTOR_MIT_N/User_File/5_Test/usb_test.cpp:99:6:void USB_RxCallback(uint8_t*, uint16_t)	16	static
E:/02_github/Jump-Cat-Run/03_DM02_MOTOR_MIT_N/User_File/5_Test/usb_test.cpp:104:6:void USB_test()	16	static
E:/02_github/Jump-Cat-Run/03_DM02_MOTOR_MIT_N/User_File/5_Test/usb_test.cpp:120:6:void USB_test_Loop()	16	static
E:/02_github/Jump-Cat-Run/03_DM02_MOTOR_MIT_N/User_File/5_Test/usb_test.cpp:125:6:void HAL_TIM_PeriodElapsedCallback(TIM_HandleTypeDef*)	16	static
