E:/02_github/19_Jump-Cat-Run/04_sitaiwei_DM02/Core/Src/main.c:86:5:main	8	static,ignoring_inline_asm
E:/02_github/19_Jump-Cat-Run/04_sitaiwei_DM02/Core/Src/main.c:180:6:Task3600s_Callback	8	static
E:/02_github/19_Jump-Cat-Run/04_sitaiwei_DM02/Core/Src/main.c:185:6:HAL_TIM_PeriodElapsedCallback	16	static
E:/02_github/19_Jump-Cat-Run/04_sitaiwei_DM02/Core/Src/main.c:219:6:SystemClock_Config	120	static
E:/02_github/19_Jump-Cat-Run/04_sitaiwei_DM02/Core/Src/main.c:280:6:PeriphCommonClock_Config	192	static
E:/02_github/19_Jump-Cat-Run/04_sitaiwei_DM02/Core/Src/main.c:324:6:Error_Handler	4	static,ignoring_inline_asm
