E:/02_github/19_Jump-Cat-Run/04_sitaiwei_DM02/Core/Src/stm32h7xx_it.c:102:6:NMI_Handler	4	static
E:/02_github/19_Jump-Cat-Run/04_sitaiwei_DM02/Core/Src/stm32h7xx_it.c:117:6:HardFault_Handler	4	static
E:/02_github/19_Jump-Cat-Run/04_sitaiwei_DM02/Core/Src/stm32h7xx_it.c:132:6:MemManage_Handler	4	static
E:/02_github/19_Jump-Cat-Run/04_sitaiwei_DM02/Core/Src/stm32h7xx_it.c:147:6:BusFault_Handler	4	static
E:/02_github/19_Jump-Cat-Run/04_sitaiwei_DM02/Core/Src/stm32h7xx_it.c:162:6:UsageFault_Handler	4	static
E:/02_github/19_Jump-Cat-Run/04_sitaiwei_DM02/Core/Src/stm32h7xx_it.c:177:6:DebugMon_Handler	4	static
E:/02_github/19_Jump-Cat-Run/04_sitaiwei_DM02/Core/Src/stm32h7xx_it.c:197:6:DMA1_Stream0_IRQHandler	8	static
E:/02_github/19_Jump-Cat-Run/04_sitaiwei_DM02/Core/Src/stm32h7xx_it.c:211:6:DMA1_Stream1_IRQHandler	8	static
E:/02_github/19_Jump-Cat-Run/04_sitaiwei_DM02/Core/Src/stm32h7xx_it.c:225:6:DMA1_Stream2_IRQHandler	8	static
E:/02_github/19_Jump-Cat-Run/04_sitaiwei_DM02/Core/Src/stm32h7xx_it.c:239:6:DMA1_Stream3_IRQHandler	8	static
E:/02_github/19_Jump-Cat-Run/04_sitaiwei_DM02/Core/Src/stm32h7xx_it.c:253:6:DMA1_Stream4_IRQHandler	8	static
E:/02_github/19_Jump-Cat-Run/04_sitaiwei_DM02/Core/Src/stm32h7xx_it.c:267:6:DMA1_Stream5_IRQHandler	8	static
E:/02_github/19_Jump-Cat-Run/04_sitaiwei_DM02/Core/Src/stm32h7xx_it.c:281:6:DMA1_Stream6_IRQHandler	8	static
E:/02_github/19_Jump-Cat-Run/04_sitaiwei_DM02/Core/Src/stm32h7xx_it.c:295:6:FDCAN1_IT0_IRQHandler	8	static
E:/02_github/19_Jump-Cat-Run/04_sitaiwei_DM02/Core/Src/stm32h7xx_it.c:309:6:FDCAN2_IT0_IRQHandler	8	static
E:/02_github/19_Jump-Cat-Run/04_sitaiwei_DM02/Core/Src/stm32h7xx_it.c:323:6:FDCAN1_IT1_IRQHandler	8	static
E:/02_github/19_Jump-Cat-Run/04_sitaiwei_DM02/Core/Src/stm32h7xx_it.c:337:6:FDCAN2_IT1_IRQHandler	8	static
E:/02_github/19_Jump-Cat-Run/04_sitaiwei_DM02/Core/Src/stm32h7xx_it.c:351:6:TIM4_IRQHandler	8	static
E:/02_github/19_Jump-Cat-Run/04_sitaiwei_DM02/Core/Src/stm32h7xx_it.c:365:6:SPI2_IRQHandler	8	static
E:/02_github/19_Jump-Cat-Run/04_sitaiwei_DM02/Core/Src/stm32h7xx_it.c:379:6:USART1_IRQHandler	8	static
E:/02_github/19_Jump-Cat-Run/04_sitaiwei_DM02/Core/Src/stm32h7xx_it.c:393:6:USART2_IRQHandler	8	static
E:/02_github/19_Jump-Cat-Run/04_sitaiwei_DM02/Core/Src/stm32h7xx_it.c:407:6:USART3_IRQHandler	8	static
E:/02_github/19_Jump-Cat-Run/04_sitaiwei_DM02/Core/Src/stm32h7xx_it.c:421:6:EXTI15_10_IRQHandler	8	static
E:/02_github/19_Jump-Cat-Run/04_sitaiwei_DM02/Core/Src/stm32h7xx_it.c:436:6:TIM8_UP_TIM13_IRQHandler	8	static
E:/02_github/19_Jump-Cat-Run/04_sitaiwei_DM02/Core/Src/stm32h7xx_it.c:451:6:DMA1_Stream7_IRQHandler	8	static
E:/02_github/19_Jump-Cat-Run/04_sitaiwei_DM02/Core/Src/stm32h7xx_it.c:465:6:TIM5_IRQHandler	8	static
E:/02_github/19_Jump-Cat-Run/04_sitaiwei_DM02/Core/Src/stm32h7xx_it.c:479:6:UART5_IRQHandler	8	static
E:/02_github/19_Jump-Cat-Run/04_sitaiwei_DM02/Core/Src/stm32h7xx_it.c:493:6:TIM6_DAC_IRQHandler	8	static
E:/02_github/19_Jump-Cat-Run/04_sitaiwei_DM02/Core/Src/stm32h7xx_it.c:507:6:TIM7_IRQHandler	8	static
E:/02_github/19_Jump-Cat-Run/04_sitaiwei_DM02/Core/Src/stm32h7xx_it.c:521:6:DMA2_Stream0_IRQHandler	8	static
E:/02_github/19_Jump-Cat-Run/04_sitaiwei_DM02/Core/Src/stm32h7xx_it.c:535:6:DMA2_Stream1_IRQHandler	8	static
E:/02_github/19_Jump-Cat-Run/04_sitaiwei_DM02/Core/Src/stm32h7xx_it.c:549:6:DMA2_Stream2_IRQHandler	8	static
E:/02_github/19_Jump-Cat-Run/04_sitaiwei_DM02/Core/Src/stm32h7xx_it.c:563:6:DMA2_Stream3_IRQHandler	8	static
E:/02_github/19_Jump-Cat-Run/04_sitaiwei_DM02/Core/Src/stm32h7xx_it.c:577:6:DMA2_Stream4_IRQHandler	8	static
E:/02_github/19_Jump-Cat-Run/04_sitaiwei_DM02/Core/Src/stm32h7xx_it.c:591:6:DMA2_Stream5_IRQHandler	8	static
E:/02_github/19_Jump-Cat-Run/04_sitaiwei_DM02/Core/Src/stm32h7xx_it.c:605:6:OTG_HS_IRQHandler	8	static
E:/02_github/19_Jump-Cat-Run/04_sitaiwei_DM02/Core/Src/stm32h7xx_it.c:619:6:UART7_IRQHandler	8	static
E:/02_github/19_Jump-Cat-Run/04_sitaiwei_DM02/Core/Src/stm32h7xx_it.c:633:6:MDMA_IRQHandler	8	static
E:/02_github/19_Jump-Cat-Run/04_sitaiwei_DM02/Core/Src/stm32h7xx_it.c:647:6:OCTOSPI2_IRQHandler	8	static
E:/02_github/19_Jump-Cat-Run/04_sitaiwei_DM02/Core/Src/stm32h7xx_it.c:661:6:USART10_IRQHandler	8	static
E:/02_github/19_Jump-Cat-Run/04_sitaiwei_DM02/Core/Src/stm32h7xx_it.c:675:6:FDCAN3_IT0_IRQHandler	8	static
E:/02_github/19_Jump-Cat-Run/04_sitaiwei_DM02/Core/Src/stm32h7xx_it.c:689:6:FDCAN3_IT1_IRQHandler	8	static
