E:/02_github/19_Jump-Cat-Run/04_sitaiwei_DM02/User_File/2_Device/Motor/Motor_DJI/dvc_motor_dji.h:869:14:float Class_Motor_DJI_C620::Get_Now_Angle() const	16	static
E:/02_github/19_Jump-Cat-Run/04_sitaiwei_DM02/User_File/2_Device/Motor/Motor_DJI/dvc_motor_dji.h:879:14:float Class_Motor_DJI_C620::Get_Now_Omega() const	16	static
E:/02_github/19_Jump-Cat-Run/04_sitaiwei_DM02/User_File/2_Device/Motor/Motor_DJI/dvc_motor_dji.h:889:14:float Class_Motor_DJI_C620::Get_Now_Torque() const	16	static
E:/02_github/19_Jump-Cat-Run/04_sitaiwei_DM02/User_File/2_Device/Motor/Motor_DJI/dvc_motor_dji.h:899:14:float Class_Motor_DJI_C620::Get_Now_Temperature() const	16	static
E:/02_github/19_Jump-Cat-Run/04_sitaiwei_DM02/User_File/2_Device/Motor/Motor_DJI/dvc_motor_dji.h:999:13:void Class_Motor_DJI_C620::Set_Target_Omega(const float&)	16	static
E:/02_github/19_Jump-Cat-Run/04_sitaiwei_DM02/User_File/2_Device/Motor/Motor_DJI/dvc_motor_dji.h:1009:13:void Class_Motor_DJI_C620::Set_Target_Torque(const float&)	16	static
E:/02_github/19_Jump-Cat-Run/04_sitaiwei_DM02/User_File/2_Device/Motor/Motor_DJI/dvc_motor_dji.h:1019:13:void Class_Motor_DJI_C620::Set_Feedforward_Omega(const float&)	16	static
E:/02_github/19_Jump-Cat-Run/04_sitaiwei_DM02/User_File/2_Device/Motor/Motor_DJI/dvc_motor_dji.h:1029:13:void Class_Motor_DJI_C620::Set_Feedforward_Torque(const float&)	16	static
E:/02_github/19_Jump-Cat-Run/04_sitaiwei_DM02/User_File/1_Middleware/Algorithm/PID/alg_pid.h:37:7:Class_PID::Class_PID()	16	static
E:/02_github/19_Jump-Cat-Run/04_sitaiwei_DM02/User_File/2_Device/Motor/Motor_DJI/dvc_motor_dji.h:370:7:Class_Motor_DJI_C620::Class_Motor_DJI_C620()	16	static
E:/02_github/19_Jump-Cat-Run/04_sitaiwei_DM02/User_File/4_Task/balance_test_task.cpp:23:21:float Balance_Test_Clamp(float, float, float)	24	static
E:/02_github/19_Jump-Cat-Run/04_sitaiwei_DM02/User_File/4_Task/balance_test_task.cpp:30:13:void Balance_Test_CAN1_Callback(FDCAN_RxHeaderTypeDef&, uint8_t*)	16	static
E:/02_github/19_Jump-Cat-Run/04_sitaiwei_DM02/User_File/4_Task/balance_test_task.cpp:45:6:void Balance_Test_Motor_Init()	104	static
E:/02_github/19_Jump-Cat-Run/04_sitaiwei_DM02/User_File/4_Task/balance_test_task.cpp:76:13:void Balance_Test_Motor_Apply()	40	static
E:/02_github/19_Jump-Cat-Run/04_sitaiwei_DM02/User_File/4_Task/balance_test_task.cpp:96:6:void Balance_Test_Motor_Start(float)	16	static
E:/02_github/19_Jump-Cat-Run/04_sitaiwei_DM02/User_File/4_Task/balance_test_task.cpp:107:6:void Balance_Test_Motor_Stop()	24	static
E:/02_github/19_Jump-Cat-Run/04_sitaiwei_DM02/User_File/4_Task/balance_test_task.cpp:119:6:void Balance_Test_Motor_SetVelocity(float)	16	static
E:/02_github/19_Jump-Cat-Run/04_sitaiwei_DM02/User_File/4_Task/balance_test_task.cpp:124:13:void Balance_Test_DJI_SendCommand()	48	static
E:/02_github/19_Jump-Cat-Run/04_sitaiwei_DM02/User_File/4_Task/balance_test_task.cpp:142:13:void vBalanceTestTask(void*)	32	static
E:/02_github/19_Jump-Cat-Run/04_sitaiwei_DM02/User_File/4_Task/balance_test_task.cpp:177:6:void Balance_Test_Task_Create()	24	static
E:/02_github/19_Jump-Cat-Run/04_sitaiwei_DM02/User_File/4_Task/balance_test_task.cpp:192:1:void __static_initialization_and_destruction_0()	8	static
E:/02_github/19_Jump-Cat-Run/04_sitaiwei_DM02/User_File/4_Task/balance_test_task.cpp:192:1:cpp)	8	static
