E:/02_github/19_Jump-Cat-Run/04_sitaiwei_DM02/User_File/2_Device/BSP/BMI088/bsp_bmi088.h:229:31:Class_Matrix_f32<3, 1> Class_BMI088::Get_Euler_Angle() const	16	static
E:/02_github/19_Jump-Cat-Run/04_sitaiwei_DM02/User_File/4_Task/bmi088_test.cpp:26:13:void Task1ms_Callback()	256	static
E:/02_github/19_Jump-Cat-Run/04_sitaiwei_DM02/User_File/4_Task/bmi088_test.cpp:68:6:void BalanceBmi088Service_Timer1msUserCallback()	8	static
E:/02_github/19_Jump-Cat-Run/04_sitaiwei_DM02/User_File/4_Task/bmi088_test.cpp:78:6:void Bmi088_test()	16	static
E:/02_github/19_Jump-Cat-Run/04_sitaiwei_DM02/User_File/1_Middleware/Algorithm/Matrix/alg_matrix.h:51:5:Class_Matrix_f32<row, column>::Class_Matrix_f32(const Class_Matrix_f32<row, column>&) [with int row = 3; int column = 1]	16	static
E:/02_github/19_Jump-Cat-Run/04_sitaiwei_DM02/User_File/1_Middleware/Algorithm/Matrix/alg_matrix.h:82:19:float* Class_Matrix_f32<row, column>::operator[](const int&) [with int row = 3; int column = 1]	16	static
